==59482== Memcheck, a memory error detector
==59482== Copyright (C) 2002-2024, and GNU GPL'd, by Julian Seward et al.
==59482== Using Valgrind-3.26.0 and LibVEX; rerun with -h for copyright info
==59482== Command: ./testa_backup
==59482== Parent PID: 59481
==59482== 
==59482== Conditional jump or move depends on uninitialised value(s)
==59482==    at 0x404BCF5: Backup::CompararData(std::__cxx11::basic_string<char, std::char_traits<char>, std::allocator<char> > const&, std::__cxx11::basic_string<char, std::char_traits<char>, std::allocator<char> > const&) (in /home/usuario/Desktop/trabalho2-tp2/TDD_backup/testa_backup)
==59482==    by 0x404BA77: Backup::AvaliaData(bool, std::__cxx11::basic_string<char, std::char_traits<char>, std::allocator<char> > const&, std::__cxx11::basic_string<char, std::char_traits<char>, std::allocator<char> > const&) (in /home/usuario/Desktop/trabalho2-tp2/TDD_backup/testa_backup)
==59482==    by 0x404B402: Backup::FazerBackup(bool, std::__cxx11::basic_string<char, std::char_traits<char>, std::allocator<char> >, std::__cxx11::basic_string<char, std::char_traits<char>, std::allocator<char> > const&, std::__cxx11::basic_string<char, std::char_traits<char>, std::allocator<char> > const&) (in /home/usuario/Desktop/trabalho2-tp2/TDD_backup/testa_backup)
==59482==    by 0x4063059: ____C_A_T_C_H____T_E_S_T____2() (in /home/usuario/Desktop/trabalho2-tp2/TDD_backup/testa_backup)
==59482==    by 0x408B835: Catch::FreeFunctionTestCase::invoke() const (in /home/usuario/Desktop/trabalho2-tp2/TDD_backup/testa_backup)
==59482==    by 0x405467A: Catch::TestCase::invoke() const (in /home/usuario/Desktop/trabalho2-tp2/TDD_backup/testa_backup)
==59482==    by 0x40889CE: Catch::RunContext::invokeActiveTestCase() (in /home/usuario/Desktop/trabalho2-tp2/TDD_backup/testa_backup)
==59482==    by 0x408835C: Catch::RunContext::runCurrentTest(std::__cxx11::basic_string<char, std::char_traits<char>, std::allocator<char> >&, std::__cxx11::basic_string<char, std::char_traits<char>, std::allocator<char> >&) (in /home/usuario/Desktop/trabalho2-tp2/TDD_backup/testa_backup)
==59482==    by 0x4085D54: Catch::RunContext::runTest(Catch::TestCase const&) (in /home/usuario/Desktop/trabalho2-tp2/TDD_backup/testa_backup)
==59482==    by 0x404D99B: Catch::runTests(Catch::Ptr<Catch::Config> const&) (in /home/usuario/Desktop/trabalho2-tp2/TDD_backup/testa_backup)
==59482==    by 0x408A752: Catch::Session::runInternal() (in /home/usuario/Desktop/trabalho2-tp2/TDD_backup/testa_backup)
==59482==    by 0x408A23B: Catch::Session::run() (in /home/usuario/Desktop/trabalho2-tp2/TDD_backup/testa_backup)
==59482== 
==59482== Conditional jump or move depends on uninitialised value(s)
==59482==    at 0x404BCF5: Backup::CompararData(std::__cxx11::basic_string<char, std::char_traits<char>, std::allocator<char> > const&, std::__cxx11::basic_string<char, std::char_traits<char>, std::allocator<char> > const&) (in /home/usuario/Desktop/trabalho2-tp2/TDD_backup/testa_backup)
==59482==    by 0x404BA77: Backup::AvaliaData(bool, std::__cxx11::basic_string<char, std::char_traits<char>, std::allocator<char> > const&, std::__cxx11::basic_string<char, std::char_traits<char>, std::allocator<char> > const&) (in /home/usuario/Desktop/trabalho2-tp2/TDD_backup/testa_backup)
==59482==    by 0x404B402: Backup::FazerBackup(bool, std::__cxx11::basic_string<char, std::char_traits<char>, std::allocator<char> >, std::__cxx11::basic_string<char, std::char_traits<char>, std::allocator<char> > const&, std::__cxx11::basic_string<char, std::char_traits<char>, std::allocator<char> > const&) (in /home/usuario/Desktop/trabalho2-tp2/TDD_backup/testa_backup)
==59482==    by 0x40658BF: ____C_A_T_C_H____T_E_S_T____10() (in /home/usuario/Desktop/trabalho2-tp2/TDD_backup/testa_backup)
==59482==    by 0x408B835: Catch::FreeFunctionTestCase::invoke() const (in /home/usuario/Desktop/trabalho2-tp2/TDD_backup/testa_backup)
==59482==    by 0x405467A: Catch::TestCase::invoke() const (in /home/usuario/Desktop/trabalho2-tp2/TDD_backup/testa_backup)
==59482==    by 0x40889CE: Catch::RunContext::invokeActiveTestCase() (in /home/usuario/Desktop/trabalho2-tp2/TDD_backup/testa_backup)
==59482==    by 0x408835C: Catch::RunContext::runCurrentTest(std::__cxx11::basic_string<char, std::char_traits<char>, std::allocator<char> >&, std::__cxx11::basic_string<char, std::char_traits<char>, std::allocator<char> >&) (in /home/usuario/Desktop/trabalho2-tp2/TDD_backup/testa_backup)
==59482==    by 0x4085D54: Catch::RunContext::runTest(Catch::TestCase const&) (in /home/usuario/Desktop/trabalho2-tp2/TDD_backup/testa_backup)
==59482==    by 0x404D99B: Catch::runTests(Catch::Ptr<Catch::Config> const&) (in /home/usuario/Desktop/trabalho2-tp2/TDD_backup/testa_backup)
==59482==    by 0x408A752: Catch::Session::runInternal() (in /home/usuario/Desktop/trabalho2-tp2/TDD_backup/testa_backup)
==59482==    by 0x408A23B: Catch::Session::run() (in /home/usuario/Desktop/trabalho2-tp2/TDD_backup/testa_backup)
==59482== 
==59482== Conditional jump or move depends on uninitialised value(s)
==59482==    at 0x404BCF5: Backup::CompararData(std::__cxx11::basic_string<char, std::char_traits<char>, std::allocator<char> > const&, std::__cxx11::basic_string<char, std::char_traits<char>, std::allocator<char> > const&) (in /home/usuario/Desktop/trabalho2-tp2/TDD_backup/testa_backup)
==59482==    by 0x404BA77: Backup::AvaliaData(bool, std::__cxx11::basic_string<char, std::char_traits<char>, std::allocator<char> > const&, std::__cxx11::basic_string<char, std::char_traits<char>, std::allocator<char> > const&) (in /home/usuario/Desktop/trabalho2-tp2/TDD_backup/testa_backup)
==59482==    by 0x404B402: Backup::FazerBackup(bool, std::__cxx11::basic_string<char, std::char_traits<char>, std::allocator<char> >, std::__cxx11::basic_string<char, std::char_traits<char>, std::allocator<char> > const&, std::__cxx11::basic_string<char, std::char_traits<char>, std::allocator<char> > const&) (in /home/usuario/Desktop/trabalho2-tp2/TDD_backup/testa_backup)
==59482==    by 0x4068096: ____C_A_T_C_H____T_E_S_T____18() (in /home/usuario/Desktop/trabalho2-tp2/TDD_backup/testa_backup)
==59482==    by 0x408B835: Catch::FreeFunctionTestCase::invoke() const (in /home/usuario/Desktop/trabalho2-tp2/TDD_backup/testa_backup)
==59482==    by 0x405467A: Catch::TestCase::invoke() const (in /home/usuario/Desktop/trabalho2-tp2/TDD_backup/testa_backup)
==59482==    by 0x40889CE: Catch::RunContext::invokeActiveTestCase() (in /home/usuario/Desktop/trabalho2-tp2/TDD_backup/testa_backup)
==59482==    by 0x408835C: Catch::RunContext::runCurrentTest(std::__cxx11::basic_string<char, std::char_traits<char>, std::allocator<char> >&, std::__cxx11::basic_string<char, std::char_traits<char>, std::allocator<char> >&) (in /home/usuario/Desktop/trabalho2-tp2/TDD_backup/testa_backup)
==59482==    by 0x4085D54: Catch::RunContext::runTest(Catch::TestCase const&) (in /home/usuario/Desktop/trabalho2-tp2/TDD_backup/testa_backup)
==59482==    by 0x404D99B: Catch::runTests(Catch::Ptr<Catch::Config> const&) (in /home/usuario/Desktop/trabalho2-tp2/TDD_backup/testa_backup)
==59482==    by 0x408A752: Catch::Session::runInternal() (in /home/usuario/Desktop/trabalho2-tp2/TDD_backup/testa_backup)
==59482==    by 0x408A23B: Catch::Session::run() (in /home/usuario/Desktop/trabalho2-tp2/TDD_backup/testa_backup)
==59482== 
==59482== Conditional jump or move depends on uninitialised value(s)
==59482==    at 0x404BCF5: Backup::CompararData(std::__cxx11::basic_string<char, std::char_traits<char>, std::allocator<char> > const&, std::__cxx11::basic_string<char, std::char_traits<char>, std::allocator<char> > const&) (in /home/usuario/Desktop/trabalho2-tp2/TDD_backup/testa_backup)
==59482==    by 0x404BA77: Backup::AvaliaData(bool, std::__cxx11::basic_string<char, std::char_traits<char>, std::allocator<char> > const&, std::__cxx11::basic_string<char, std::char_traits<char>, std::allocator<char> > const&) (in /home/usuario/Desktop/trabalho2-tp2/TDD_backup/testa_backup)
==59482==    by 0x404B402: Backup::FazerBackup(bool, std::__cxx11::basic_string<char, std::char_traits<char>, std::allocator<char> >, std::__cxx11::basic_string<char, std::char_traits<char>, std::allocator<char> > const&, std::__cxx11::basic_string<char, std::char_traits<char>, std::allocator<char> > const&) (in /home/usuario/Desktop/trabalho2-tp2/TDD_backup/testa_backup)
==59482==    by 0x4068992: ____C_A_T_C_H____T_E_S_T____20() (in /home/usuario/Desktop/trabalho2-tp2/TDD_backup/testa_backup)
==59482==    by 0x408B835: Catch::FreeFunctionTestCase::invoke() const (in /home/usuario/Desktop/trabalho2-tp2/TDD_backup/testa_backup)
==59482==    by 0x405467A: Catch::TestCase::invoke() const (in /home/usuario/Desktop/trabalho2-tp2/TDD_backup/testa_backup)
==59482==    by 0x40889CE: Catch::RunContext::invokeActiveTestCase() (in /home/usuario/Desktop/trabalho2-tp2/TDD_backup/testa_backup)
==59482==    by 0x408835C: Catch::RunContext::runCurrentTest(std::__cxx11::basic_string<char, std::char_traits<char>, std::allocator<char> >&, std::__cxx11::basic_string<char, std::char_traits<char>, std::allocator<char> >&) (in /home/usuario/Desktop/trabalho2-tp2/TDD_backup/testa_backup)
==59482==    by 0x4085D54: Catch::RunContext::runTest(Catch::TestCase const&) (in /home/usuario/Desktop/trabalho2-tp2/TDD_backup/testa_backup)
==59482==    by 0x404D99B: Catch::runTests(Catch::Ptr<Catch::Config> const&) (in /home/usuario/Desktop/trabalho2-tp2/TDD_backup/testa_backup)
==59482==    by 0x408A752: Catch::Session::runInternal() (in /home/usuario/Desktop/trabalho2-tp2/TDD_backup/testa_backup)
==59482==    by 0x408A23B: Catch::Session::run() (in /home/usuario/Desktop/trabalho2-tp2/TDD_backup/testa_backup)
==59482== 
==59482== Conditional jump or move depends on uninitialised value(s)
==59482==    at 0x404BD1E: Backup::CompararData(std::__cxx11::basic_string<char, std::char_traits<char>, std::allocator<char> > const&, std::__cxx11::basic_string<char, std::char_traits<char>, std::allocator<char> > const&) (in /home/usuario/Desktop/trabalho2-tp2/TDD_backup/testa_backup)
==59482==    by 0x404BA77: Backup::AvaliaData(bool, std::__cxx11::basic_string<char, std::char_traits<char>, std::allocator<char> > const&, std::__cxx11::basic_string<char, std::char_traits<char>, std::allocator<char> > const&) (in /home/usuario/Desktop/trabalho2-tp2/TDD_backup/testa_backup)
==59482==    by 0x404B402: Backup::FazerBackup(bool, std::__cxx11::basic_string<char, std::char_traits<char>, std::allocator<char> >, std::__cxx11::basic_string<char, std::char_traits<char>, std::allocator<char> > const&, std::__cxx11::basic_string<char, std::char_traits<char>, std::allocator<char> > const&) (in /home/usuario/Desktop/trabalho2-tp2/TDD_backup/testa_backup)
==59482==    by 0x4068992: ____C_A_T_C_H____T_E_S_T____20() (in /home/usuario/Desktop/trabalho2-tp2/TDD_backup/testa_backup)
==59482==    by 0x408B835: Catch::FreeFunctionTestCase::invoke() const (in /home/usuario/Desktop/trabalho2-tp2/TDD_backup/testa_backup)
==59482==    by 0x405467A: Catch::TestCase::invoke() const (in /home/usuario/Desktop/trabalho2-tp2/TDD_backup/testa_backup)
==59482==    by 0x40889CE: Catch::RunContext::invokeActiveTestCase() (in /home/usuario/Desktop/trabalho2-tp2/TDD_backup/testa_backup)
==59482==    by 0x408835C: Catch::RunContext::runCurrentTest(std::__cxx11::basic_string<char, std::char_traits<char>, std::allocator<char> >&, std::__cxx11::basic_string<char, std::char_traits<char>, std::allocator<char> >&) (in /home/usuario/Desktop/trabalho2-tp2/TDD_backup/testa_backup)
==59482==    by 0x4085D54: Catch::RunContext::runTest(Catch::TestCase const&) (in /home/usuario/Desktop/trabalho2-tp2/TDD_backup/testa_backup)
==59482==    by 0x404D99B: Catch::runTests(Catch::Ptr<Catch::Config> const&) (in /home/usuario/Desktop/trabalho2-tp2/TDD_backup/testa_backup)
==59482==    by 0x408A752: Catch::Session::runInternal() (in /home/usuario/Desktop/trabalho2-tp2/TDD_backup/testa_backup)
==59482==    by 0x408A23B: Catch::Session::run() (in /home/usuario/Desktop/trabalho2-tp2/TDD_backup/testa_backup)
==59482== 
==59482== 
==59482== HEAP SUMMARY:
==59482==     in use at exit: 0 bytes in 0 blocks
==59482==   total heap usage: 723 allocs, 723 frees, 700,117 bytes allocated
==59482== 
==59482== All heap blocks were freed -- no leaks are possible
==59482== 
==59482== Use --track-origins=yes to see where uninitialised values come from
==59482== For lists of detected and suppressed errors, rerun with: -s
==59482== ERROR SUMMARY: 5 errors from 5 contexts (suppressed: 0 from 0)
