==61476== Memcheck, a memory error detector
==61476== Copyright (C) 2002-2024, and GNU GPL'd, by Julian Seward et al.
==61476== Using Valgrind-3.26.0 and LibVEX; rerun with -h for copyright info
==61476== Command: ./testa_backup
==61476== Parent PID: 61475
==61476== 
==61476== Conditional jump or move depends on uninitialised value(s)
==61476==    at 0x404BD57: Backup::CompararData(std::__cxx11::basic_string<char, std::char_traits<char>, std::allocator<char> > const&, std::__cxx11::basic_string<char, std::char_traits<char>, std::allocator<char> > const&) (in /home/usuario/Desktop/trabalho2-tp2/TDD_backup/testa_backup)
==61476==    by 0x404BAD9: Backup::AvaliaData(bool, std::__cxx11::basic_string<char, std::char_traits<char>, std::allocator<char> > const&, std::__cxx11::basic_string<char, std::char_traits<char>, std::allocator<char> > const&) (in /home/usuario/Desktop/trabalho2-tp2/TDD_backup/testa_backup)
==61476==    by 0x404B402: Backup::FazerBackup(bool, std::__cxx11::basic_string<char, std::char_traits<char>, std::allocator<char> >, std::__cxx11::basic_string<char, std::char_traits<char>, std::allocator<char> > const&, std::__cxx11::basic_string<char, std::char_traits<char>, std::allocator<char> > const&) (in /home/usuario/Desktop/trabalho2-tp2/TDD_backup/testa_backup)
==61476==    by 0x40630BB: ____C_A_T_C_H____T_E_S_T____2() (in /home/usuario/Desktop/trabalho2-tp2/TDD_backup/testa_backup)
==61476==    by 0x408C28B: Catch::FreeFunctionTestCase::invoke() const (in /home/usuario/Desktop/trabalho2-tp2/TDD_backup/testa_backup)
==61476==    by 0x40546DC: Catch::TestCase::invoke() const (in /home/usuario/Desktop/trabalho2-tp2/TDD_backup/testa_backup)
==61476==    by 0x4089424: Catch::RunContext::invokeActiveTestCase() (in /home/usuario/Desktop/trabalho2-tp2/TDD_backup/testa_backup)
==61476==    by 0x4088DB2: Catch::RunContext::runCurrentTest(std::__cxx11::basic_string<char, std::char_traits<char>, std::allocator<char> >&, std::__cxx11::basic_string<char, std::char_traits<char>, std::allocator<char> >&) (in /home/usuario/Desktop/trabalho2-tp2/TDD_backup/testa_backup)
==61476==    by 0x40867AA: Catch::RunContext::runTest(Catch::TestCase const&) (in /home/usuario/Desktop/trabalho2-tp2/TDD_backup/testa_backup)
==61476==    by 0x404D9FD: Catch::runTests(Catch::Ptr<Catch::Config> const&) (in /home/usuario/Desktop/trabalho2-tp2/TDD_backup/testa_backup)
==61476==    by 0x408B1A8: Catch::Session::runInternal() (in /home/usuario/Desktop/trabalho2-tp2/TDD_backup/testa_backup)
==61476==    by 0x408AC91: Catch::Session::run() (in /home/usuario/Desktop/trabalho2-tp2/TDD_backup/testa_backup)
==61476== 
==61476== Conditional jump or move depends on uninitialised value(s)
==61476==    at 0x404BD57: Backup::CompararData(std::__cxx11::basic_string<char, std::char_traits<char>, std::allocator<char> > const&, std::__cxx11::basic_string<char, std::char_traits<char>, std::allocator<char> > const&) (in /home/usuario/Desktop/trabalho2-tp2/TDD_backup/testa_backup)
==61476==    by 0x404BAD9: Backup::AvaliaData(bool, std::__cxx11::basic_string<char, std::char_traits<char>, std::allocator<char> > const&, std::__cxx11::basic_string<char, std::char_traits<char>, std::allocator<char> > const&) (in /home/usuario/Desktop/trabalho2-tp2/TDD_backup/testa_backup)
==61476==    by 0x404B402: Backup::FazerBackup(bool, std::__cxx11::basic_string<char, std::char_traits<char>, std::allocator<char> >, std::__cxx11::basic_string<char, std::char_traits<char>, std::allocator<char> > const&, std::__cxx11::basic_string<char, std::char_traits<char>, std::allocator<char> > const&) (in /home/usuario/Desktop/trabalho2-tp2/TDD_backup/testa_backup)
==61476==    by 0x4065921: ____C_A_T_C_H____T_E_S_T____10() (in /home/usuario/Desktop/trabalho2-tp2/TDD_backup/testa_backup)
==61476==    by 0x408C28B: Catch::FreeFunctionTestCase::invoke() const (in /home/usuario/Desktop/trabalho2-tp2/TDD_backup/testa_backup)
==61476==    by 0x40546DC: Catch::TestCase::invoke() const (in /home/usuario/Desktop/trabalho2-tp2/TDD_backup/testa_backup)
==61476==    by 0x4089424: Catch::RunContext::invokeActiveTestCase() (in /home/usuario/Desktop/trabalho2-tp2/TDD_backup/testa_backup)
==61476==    by 0x4088DB2: Catch::RunContext::runCurrentTest(std::__cxx11::basic_string<char, std::char_traits<char>, std::allocator<char> >&, std::__cxx11::basic_string<char, std::char_traits<char>, std::allocator<char> >&) (in /home/usuario/Desktop/trabalho2-tp2/TDD_backup/testa_backup)
==61476==    by 0x40867AA: Catch::RunContext::runTest(Catch::TestCase const&) (in /home/usuario/Desktop/trabalho2-tp2/TDD_backup/testa_backup)
==61476==    by 0x404D9FD: Catch::runTests(Catch::Ptr<Catch::Config> const&) (in /home/usuario/Desktop/trabalho2-tp2/TDD_backup/testa_backup)
==61476==    by 0x408B1A8: Catch::Session::runInternal() (in /home/usuario/Desktop/trabalho2-tp2/TDD_backup/testa_backup)
==61476==    by 0x408AC91: Catch::Session::run() (in /home/usuario/Desktop/trabalho2-tp2/TDD_backup/testa_backup)
==61476== 
==61476== Conditional jump or move depends on uninitialised value(s)
==61476==    at 0x404BD57: Backup::CompararData(std::__cxx11::basic_string<char, std::char_traits<char>, std::allocator<char> > const&, std::__cxx11::basic_string<char, std::char_traits<char>, std::allocator<char> > const&) (in /home/usuario/Desktop/trabalho2-tp2/TDD_backup/testa_backup)
==61476==    by 0x404BAD9: Backup::AvaliaData(bool, std::__cxx11::basic_string<char, std::char_traits<char>, std::allocator<char> > const&, std::__cxx11::basic_string<char, std::char_traits<char>, std::allocator<char> > const&) (in /home/usuario/Desktop/trabalho2-tp2/TDD_backup/testa_backup)
==61476==    by 0x404B402: Backup::FazerBackup(bool, std::__cxx11::basic_string<char, std::char_traits<char>, std::allocator<char> >, std::__cxx11::basic_string<char, std::char_traits<char>, std::allocator<char> > const&, std::__cxx11::basic_string<char, std::char_traits<char>, std::allocator<char> > const&) (in /home/usuario/Desktop/trabalho2-tp2/TDD_backup/testa_backup)
==61476==    by 0x40680F8: ____C_A_T_C_H____T_E_S_T____18() (in /home/usuario/Desktop/trabalho2-tp2/TDD_backup/testa_backup)
==61476==    by 0x408C28B: Catch::FreeFunctionTestCase::invoke() const (in /home/usuario/Desktop/trabalho2-tp2/TDD_backup/testa_backup)
==61476==    by 0x40546DC: Catch::TestCase::invoke() const (in /home/usuario/Desktop/trabalho2-tp2/TDD_backup/testa_backup)
==61476==    by 0x4089424: Catch::RunContext::invokeActiveTestCase() (in /home/usuario/Desktop/trabalho2-tp2/TDD_backup/testa_backup)
==61476==    by 0x4088DB2: Catch::RunContext::runCurrentTest(std::__cxx11::basic_string<char, std::char_traits<char>, std::allocator<char> >&, std::__cxx11::basic_string<char, std::char_traits<char>, std::allocator<char> >&) (in /home/usuario/Desktop/trabalho2-tp2/TDD_backup/testa_backup)
==61476==    by 0x40867AA: Catch::RunContext::runTest(Catch::TestCase const&) (in /home/usuario/Desktop/trabalho2-tp2/TDD_backup/testa_backup)
==61476==    by 0x404D9FD: Catch::runTests(Catch::Ptr<Catch::Config> const&) (in /home/usuario/Desktop/trabalho2-tp2/TDD_backup/testa_backup)
==61476==    by 0x408B1A8: Catch::Session::runInternal() (in /home/usuario/Desktop/trabalho2-tp2/TDD_backup/testa_backup)
==61476==    by 0x408AC91: Catch::Session::run() (in /home/usuario/Desktop/trabalho2-tp2/TDD_backup/testa_backup)
==61476== 
==61476== Conditional jump or move depends on uninitialised value(s)
==61476==    at 0x404BD57: Backup::CompararData(std::__cxx11::basic_string<char, std::char_traits<char>, std::allocator<char> > const&, std::__cxx11::basic_string<char, std::char_traits<char>, std::allocator<char> > const&) (in /home/usuario/Desktop/trabalho2-tp2/TDD_backup/testa_backup)
==61476==    by 0x404BAD9: Backup::AvaliaData(bool, std::__cxx11::basic_string<char, std::char_traits<char>, std::allocator<char> > const&, std::__cxx11::basic_string<char, std::char_traits<char>, std::allocator<char> > const&) (in /home/usuario/Desktop/trabalho2-tp2/TDD_backup/testa_backup)
==61476==    by 0x404B402: Backup::FazerBackup(bool, std::__cxx11::basic_string<char, std::char_traits<char>, std::allocator<char> >, std::__cxx11::basic_string<char, std::char_traits<char>, std::allocator<char> > const&, std::__cxx11::basic_string<char, std::char_traits<char>, std::allocator<char> > const&) (in /home/usuario/Desktop/trabalho2-tp2/TDD_backup/testa_backup)
==61476==    by 0x40689F4: ____C_A_T_C_H____T_E_S_T____20() (in /home/usuario/Desktop/trabalho2-tp2/TDD_backup/testa_backup)
==61476==    by 0x408C28B: Catch::FreeFunctionTestCase::invoke() const (in /home/usuario/Desktop/trabalho2-tp2/TDD_backup/testa_backup)
==61476==    by 0x40546DC: Catch::TestCase::invoke() const (in /home/usuario/Desktop/trabalho2-tp2/TDD_backup/testa_backup)
==61476==    by 0x4089424: Catch::RunContext::invokeActiveTestCase() (in /home/usuario/Desktop/trabalho2-tp2/TDD_backup/testa_backup)
==61476==    by 0x4088DB2: Catch::RunContext::runCurrentTest(std::__cxx11::basic_string<char, std::char_traits<char>, std::allocator<char> >&, std::__cxx11::basic_string<char, std::char_traits<char>, std::allocator<char> >&) (in /home/usuario/Desktop/trabalho2-tp2/TDD_backup/testa_backup)
==61476==    by 0x40867AA: Catch::RunContext::runTest(Catch::TestCase const&) (in /home/usuario/Desktop/trabalho2-tp2/TDD_backup/testa_backup)
==61476==    by 0x404D9FD: Catch::runTests(Catch::Ptr<Catch::Config> const&) (in /home/usuario/Desktop/trabalho2-tp2/TDD_backup/testa_backup)
==61476==    by 0x408B1A8: Catch::Session::runInternal() (in /home/usuario/Desktop/trabalho2-tp2/TDD_backup/testa_backup)
==61476==    by 0x408AC91: Catch::Session::run() (in /home/usuario/Desktop/trabalho2-tp2/TDD_backup/testa_backup)
==61476== 
==61476== Conditional jump or move depends on uninitialised value(s)
==61476==    at 0x404BD80: Backup::CompararData(std::__cxx11::basic_string<char, std::char_traits<char>, std::allocator<char> > const&, std::__cxx11::basic_string<char, std::char_traits<char>, std::allocator<char> > const&) (in /home/usuario/Desktop/trabalho2-tp2/TDD_backup/testa_backup)
==61476==    by 0x404BAD9: Backup::AvaliaData(bool, std::__cxx11::basic_string<char, std::char_traits<char>, std::allocator<char> > const&, std::__cxx11::basic_string<char, std::char_traits<char>, std::allocator<char> > const&) (in /home/usuario/Desktop/trabalho2-tp2/TDD_backup/testa_backup)
==61476==    by 0x404B402: Backup::FazerBackup(bool, std::__cxx11::basic_string<char, std::char_traits<char>, std::allocator<char> >, std::__cxx11::basic_string<char, std::char_traits<char>, std::allocator<char> > const&, std::__cxx11::basic_string<char, std::char_traits<char>, std::allocator<char> > const&) (in /home/usuario/Desktop/trabalho2-tp2/TDD_backup/testa_backup)
==61476==    by 0x40689F4: ____C_A_T_C_H____T_E_S_T____20() (in /home/usuario/Desktop/trabalho2-tp2/TDD_backup/testa_backup)
==61476==    by 0x408C28B: Catch::FreeFunctionTestCase::invoke() const (in /home/usuario/Desktop/trabalho2-tp2/TDD_backup/testa_backup)
==61476==    by 0x40546DC: Catch::TestCase::invoke() const (in /home/usuario/Desktop/trabalho2-tp2/TDD_backup/testa_backup)
==61476==    by 0x4089424: Catch::RunContext::invokeActiveTestCase() (in /home/usuario/Desktop/trabalho2-tp2/TDD_backup/testa_backup)
==61476==    by 0x4088DB2: Catch::RunContext::runCurrentTest(std::__cxx11::basic_string<char, std::char_traits<char>, std::allocator<char> >&, std::__cxx11::basic_string<char, std::char_traits<char>, std::allocator<char> >&) (in /home/usuario/Desktop/trabalho2-tp2/TDD_backup/testa_backup)
==61476==    by 0x40867AA: Catch::RunContext::runTest(Catch::TestCase const&) (in /home/usuario/Desktop/trabalho2-tp2/TDD_backup/testa_backup)
==61476==    by 0x404D9FD: Catch::runTests(Catch::Ptr<Catch::Config> const&) (in /home/usuario/Desktop/trabalho2-tp2/TDD_backup/testa_backup)
==61476==    by 0x408B1A8: Catch::Session::runInternal() (in /home/usuario/Desktop/trabalho2-tp2/TDD_backup/testa_backup)
==61476==    by 0x408AC91: Catch::Session::run() (in /home/usuario/Desktop/trabalho2-tp2/TDD_backup/testa_backup)
==61476== 
==61476== Conditional jump or move depends on uninitialised value(s)
==61476==    at 0x404BD57: Backup::CompararData(std::__cxx11::basic_string<char, std::char_traits<char>, std::allocator<char> > const&, std::__cxx11::basic_string<char, std::char_traits<char>, std::allocator<char> > const&) (in /home/usuario/Desktop/trabalho2-tp2/TDD_backup/testa_backup)
==61476==    by 0x404BAD9: Backup::AvaliaData(bool, std::__cxx11::basic_string<char, std::char_traits<char>, std::allocator<char> > const&, std::__cxx11::basic_string<char, std::char_traits<char>, std::allocator<char> > const&) (in /home/usuario/Desktop/trabalho2-tp2/TDD_backup/testa_backup)
==61476==    by 0x404B402: Backup::FazerBackup(bool, std::__cxx11::basic_string<char, std::char_traits<char>, std::allocator<char> >, std::__cxx11::basic_string<char, std::char_traits<char>, std::allocator<char> > const&, std::__cxx11::basic_string<char, std::char_traits<char>, std::allocator<char> > const&) (in /home/usuario/Desktop/trabalho2-tp2/TDD_backup/testa_backup)
==61476==    by 0x40692F4: ____C_A_T_C_H____T_E_S_T____22() (in /home/usuario/Desktop/trabalho2-tp2/TDD_backup/testa_backup)
==61476==    by 0x408C28B: Catch::FreeFunctionTestCase::invoke() const (in /home/usuario/Desktop/trabalho2-tp2/TDD_backup/testa_backup)
==61476==    by 0x40546DC: Catch::TestCase::invoke() const (in /home/usuario/Desktop/trabalho2-tp2/TDD_backup/testa_backup)
==61476==    by 0x4089424: Catch::RunContext::invokeActiveTestCase() (in /home/usuario/Desktop/trabalho2-tp2/TDD_backup/testa_backup)
==61476==    by 0x4088DB2: Catch::RunContext::runCurrentTest(std::__cxx11::basic_string<char, std::char_traits<char>, std::allocator<char> >&, std::__cxx11::basic_string<char, std::char_traits<char>, std::allocator<char> >&) (in /home/usuario/Desktop/trabalho2-tp2/TDD_backup/testa_backup)
==61476==    by 0x40867AA: Catch::RunContext::runTest(Catch::TestCase const&) (in /home/usuario/Desktop/trabalho2-tp2/TDD_backup/testa_backup)
==61476==    by 0x404D9FD: Catch::runTests(Catch::Ptr<Catch::Config> const&) (in /home/usuario/Desktop/trabalho2-tp2/TDD_backup/testa_backup)
==61476==    by 0x408B1A8: Catch::Session::runInternal() (in /home/usuario/Desktop/trabalho2-tp2/TDD_backup/testa_backup)
==61476==    by 0x408AC91: Catch::Session::run() (in /home/usuario/Desktop/trabalho2-tp2/TDD_backup/testa_backup)
==61476== 
==61476== 
==61476== HEAP SUMMARY:
==61476==     in use at exit: 0 bytes in 0 blocks
==61476==   total heap usage: 760 allocs, 760 frees, 721,441 bytes allocated
==61476== 
==61476== All heap blocks were freed -- no leaks are possible
==61476== 
==61476== Use --track-origins=yes to see where uninitialised values come from
==61476== For lists of detected and suppressed errors, rerun with: -s
==61476== ERROR SUMMARY: 6 errors from 6 contexts (suppressed: 0 from 0)
