==58169== Memcheck, a memory error detector
==58169== Copyright (C) 2002-2024, and GNU GPL'd, by Julian Seward et al.
==58169== Using Valgrind-3.26.0 and LibVEX; rerun with -h for copyright info
==58169== Command: ./testa_backup
==58169== Parent PID: 58168
==58169== 
==58169== Conditional jump or move depends on uninitialised value(s)
==58169==    at 0x404BC05: Backup::CompararData(std::__cxx11::basic_string<char, std::char_traits<char>, std::allocator<char> > const&, std::__cxx11::basic_string<char, std::char_traits<char>, std::allocator<char> > const&) (in /home/usuario/Desktop/trabalho2-tp2/TDD_backup/testa_backup)
==58169==    by 0x404B987: Backup::AvaliaData(bool, std::__cxx11::basic_string<char, std::char_traits<char>, std::allocator<char> > const&, std::__cxx11::basic_string<char, std::char_traits<char>, std::allocator<char> > const&) (in /home/usuario/Desktop/trabalho2-tp2/TDD_backup/testa_backup)
==58169==    by 0x404B402: Backup::FazerBackup(bool, std::__cxx11::basic_string<char, std::char_traits<char>, std::allocator<char> >, std::__cxx11::basic_string<char, std::char_traits<char>, std::allocator<char> > const&, std::__cxx11::basic_string<char, std::char_traits<char>, std::allocator<char> > const&) (in /home/usuario/Desktop/trabalho2-tp2/TDD_backup/testa_backup)
==58169==    by 0x4062F69: ____C_A_T_C_H____T_E_S_T____2() (in /home/usuario/Desktop/trabalho2-tp2/TDD_backup/testa_backup)
==58169==    by 0x408ACBD: Catch::FreeFunctionTestCase::invoke() const (in /home/usuario/Desktop/trabalho2-tp2/TDD_backup/testa_backup)
==58169==    by 0x405458A: Catch::TestCase::invoke() const (in /home/usuario/Desktop/trabalho2-tp2/TDD_backup/testa_backup)
==58169==    by 0x4087E56: Catch::RunContext::invokeActiveTestCase() (in /home/usuario/Desktop/trabalho2-tp2/TDD_backup/testa_backup)
==58169==    by 0x40877E4: Catch::RunContext::runCurrentTest(std::__cxx11::basic_string<char, std::char_traits<char>, std::allocator<char> >&, std::__cxx11::basic_string<char, std::char_traits<char>, std::allocator<char> >&) (in /home/usuario/Desktop/trabalho2-tp2/TDD_backup/testa_backup)
==58169==    by 0x40851DC: Catch::RunContext::runTest(Catch::TestCase const&) (in /home/usuario/Desktop/trabalho2-tp2/TDD_backup/testa_backup)
==58169==    by 0x404D8AB: Catch::runTests(Catch::Ptr<Catch::Config> const&) (in /home/usuario/Desktop/trabalho2-tp2/TDD_backup/testa_backup)
==58169==    by 0x4089BDA: Catch::Session::runInternal() (in /home/usuario/Desktop/trabalho2-tp2/TDD_backup/testa_backup)
==58169==    by 0x40896C3: Catch::Session::run() (in /home/usuario/Desktop/trabalho2-tp2/TDD_backup/testa_backup)
==58169== 
==58169== Conditional jump or move depends on uninitialised value(s)
==58169==    at 0x404BC05: Backup::CompararData(std::__cxx11::basic_string<char, std::char_traits<char>, std::allocator<char> > const&, std::__cxx11::basic_string<char, std::char_traits<char>, std::allocator<char> > const&) (in /home/usuario/Desktop/trabalho2-tp2/TDD_backup/testa_backup)
==58169==    by 0x404B987: Backup::AvaliaData(bool, std::__cxx11::basic_string<char, std::char_traits<char>, std::allocator<char> > const&, std::__cxx11::basic_string<char, std::char_traits<char>, std::allocator<char> > const&) (in /home/usuario/Desktop/trabalho2-tp2/TDD_backup/testa_backup)
==58169==    by 0x404B402: Backup::FazerBackup(bool, std::__cxx11::basic_string<char, std::char_traits<char>, std::allocator<char> >, std::__cxx11::basic_string<char, std::char_traits<char>, std::allocator<char> > const&, std::__cxx11::basic_string<char, std::char_traits<char>, std::allocator<char> > const&) (in /home/usuario/Desktop/trabalho2-tp2/TDD_backup/testa_backup)
==58169==    by 0x40657CF: ____C_A_T_C_H____T_E_S_T____10() (in /home/usuario/Desktop/trabalho2-tp2/TDD_backup/testa_backup)
==58169==    by 0x408ACBD: Catch::FreeFunctionTestCase::invoke() const (in /home/usuario/Desktop/trabalho2-tp2/TDD_backup/testa_backup)
==58169==    by 0x405458A: Catch::TestCase::invoke() const (in /home/usuario/Desktop/trabalho2-tp2/TDD_backup/testa_backup)
==58169==    by 0x4087E56: Catch::RunContext::invokeActiveTestCase() (in /home/usuario/Desktop/trabalho2-tp2/TDD_backup/testa_backup)
==58169==    by 0x40877E4: Catch::RunContext::runCurrentTest(std::__cxx11::basic_string<char, std::char_traits<char>, std::allocator<char> >&, std::__cxx11::basic_string<char, std::char_traits<char>, std::allocator<char> >&) (in /home/usuario/Desktop/trabalho2-tp2/TDD_backup/testa_backup)
==58169==    by 0x40851DC: Catch::RunContext::runTest(Catch::TestCase const&) (in /home/usuario/Desktop/trabalho2-tp2/TDD_backup/testa_backup)
==58169==    by 0x404D8AB: Catch::runTests(Catch::Ptr<Catch::Config> const&) (in /home/usuario/Desktop/trabalho2-tp2/TDD_backup/testa_backup)
==58169==    by 0x4089BDA: Catch::Session::runInternal() (in /home/usuario/Desktop/trabalho2-tp2/TDD_backup/testa_backup)
==58169==    by 0x40896C3: Catch::Session::run() (in /home/usuario/Desktop/trabalho2-tp2/TDD_backup/testa_backup)
==58169== 
==58169== Conditional jump or move depends on uninitialised value(s)
==58169==    at 0x404BC05: Backup::CompararData(std::__cxx11::basic_string<char, std::char_traits<char>, std::allocator<char> > const&, std::__cxx11::basic_string<char, std::char_traits<char>, std::allocator<char> > const&) (in /home/usuario/Desktop/trabalho2-tp2/TDD_backup/testa_backup)
==58169==    by 0x404B987: Backup::AvaliaData(bool, std::__cxx11::basic_string<char, std::char_traits<char>, std::allocator<char> > const&, std::__cxx11::basic_string<char, std::char_traits<char>, std::allocator<char> > const&) (in /home/usuario/Desktop/trabalho2-tp2/TDD_backup/testa_backup)
==58169==    by 0x404B402: Backup::FazerBackup(bool, std::__cxx11::basic_string<char, std::char_traits<char>, std::allocator<char> >, std::__cxx11::basic_string<char, std::char_traits<char>, std::allocator<char> > const&, std::__cxx11::basic_string<char, std::char_traits<char>, std::allocator<char> > const&) (in /home/usuario/Desktop/trabalho2-tp2/TDD_backup/testa_backup)
==58169==    by 0x4067FA6: ____C_A_T_C_H____T_E_S_T____18() (in /home/usuario/Desktop/trabalho2-tp2/TDD_backup/testa_backup)
==58169==    by 0x408ACBD: Catch::FreeFunctionTestCase::invoke() const (in /home/usuario/Desktop/trabalho2-tp2/TDD_backup/testa_backup)
==58169==    by 0x405458A: Catch::TestCase::invoke() const (in /home/usuario/Desktop/trabalho2-tp2/TDD_backup/testa_backup)
==58169==    by 0x4087E56: Catch::RunContext::invokeActiveTestCase() (in /home/usuario/Desktop/trabalho2-tp2/TDD_backup/testa_backup)
==58169==    by 0x40877E4: Catch::RunContext::runCurrentTest(std::__cxx11::basic_string<char, std::char_traits<char>, std::allocator<char> >&, std::__cxx11::basic_string<char, std::char_traits<char>, std::allocator<char> >&) (in /home/usuario/Desktop/trabalho2-tp2/TDD_backup/testa_backup)
==58169==    by 0x40851DC: Catch::RunContext::runTest(Catch::TestCase const&) (in /home/usuario/Desktop/trabalho2-tp2/TDD_backup/testa_backup)
==58169==    by 0x404D8AB: Catch::runTests(Catch::Ptr<Catch::Config> const&) (in /home/usuario/Desktop/trabalho2-tp2/TDD_backup/testa_backup)
==58169==    by 0x4089BDA: Catch::Session::runInternal() (in /home/usuario/Desktop/trabalho2-tp2/TDD_backup/testa_backup)
==58169==    by 0x40896C3: Catch::Session::run() (in /home/usuario/Desktop/trabalho2-tp2/TDD_backup/testa_backup)
==58169== 
==58169== 
==58169== HEAP SUMMARY:
==58169==     in use at exit: 0 bytes in 0 blocks
==58169==   total heap usage: 685 allocs, 685 frees, 654,695 bytes allocated
==58169== 
==58169== All heap blocks were freed -- no leaks are possible
==58169== 
==58169== Use --track-origins=yes to see where uninitialised values come from
==58169== For lists of detected and suppressed errors, rerun with: -s
==58169== ERROR SUMMARY: 3 errors from 3 contexts (suppressed: 0 from 0)
